#-----------------------------------------------------------
# Webtalk v2020.2 (64-bit)
# SW Build 3064766 on Wed Nov 18 09:12:47 MST 2020
# IP Build 3064653 on Wed Nov 18 14:17:31 MST 2020
# Start of session at: Wed Mar 22 20:42:21 2023
# Process ID: 3112247
# Current directory: /home/yunkunliao/zhuzhu/xilinx-risc-v/vivado/cmod_artix7-35t/RISC-V.sim/sim_1/behav/xsim
# Command line: wbtcv -mode batch -source /home/yunkunliao/zhuzhu/xilinx-risc-v/vivado/cmod_artix7-35t/RISC-V.sim/sim_1/behav/xsim/xsim.dir/system_tb_behav/webtalk/xsim_webtalk.tcl -notrace
# Log file: /home/yunkunliao/zhuzhu/xilinx-risc-v/vivado/cmod_artix7-35t/RISC-V.sim/sim_1/behav/xsim/webtalk.log
# Journal file: /home/yunkunliao/zhuzhu/xilinx-risc-v/vivado/cmod_artix7-35t/RISC-V.sim/sim_1/behav/xsim/webtalk.jou
#-----------------------------------------------------------
source /home/yunkunliao/zhuzhu/xilinx-risc-v/vivado/cmod_artix7-35t/RISC-V.sim/sim_1/behav/xsim/xsim.dir/system_tb_behav/webtalk/xsim_webtalk.tcl -notrace
